
[Test_middleware_NewMiddleware/should_add_logs_add_the_beginning_and_end_of_the_request_lifetime - 1]
{"level":"info","method":"GET","path":"/","requestID":"6460a629-fab4-4eaf-8de1-bfb4f39ddbbc","client_ip":"192.0.2.1","user_agent":"TestAgent/1.0","request_body":"Hey","request_headers":{"User-Agent":["TestAgent/1.0"]},"time":"2025-03-27T12:00:00Z","message":"processing request"}
{"level":"info","method":"GET","path":"/","requestID":"6460a629-fab4-4eaf-8de1-bfb4f39ddbbc","client_ip":"192.0.2.1","user_agent":"TestAgent/1.0","status":200,"response_body":{"status":"OK"},"response_headers":{"Content-Type":["application/json; charset=utf-8"]},"duration_ms":0,"time":"2025-03-27T12:00:00Z","message":"response sent"}

---
